Part Number Belt Width W Code mm Increment EMD41 EMD4Z 10~2000 EMD43 EMD44
Belt Circumference L (m) 0.001 m Increrent
0.5~20
