Food us8: tor faod transporation_ Ihe flat balt IS optimized aciprdFg ? to the characteristics ot food conveying and has stronger functions of antibacterial; mould proof and burr proof (in line with 370 FDA EU 10 / 2011 and other standards) Surface Back Ply Weight  Pulley| Alotable Continuxs [K9 Insiza as81 Code Origin | IJless  Haterial Grain Colar Frictcn Cuelfctent Material Grain Count (kglm" Dia [h] |TemiongkgfCmj Temp (C) Crosspierx  Drilling EMD41 0.8 EMD42 Made in Matte Polyester Cloth 0.9 1.0 PU White 0,3-0.4 20~80 EMD43 China Surface Fabric Pattem 1.2 1.1 10 EMD44 1.5 1.7 20
Surface
Back
The firstperspective
